[www.maxpanda.com/index.html]
[backblue.gif]
[fade.gif]
[index.html]
[www.maxpanda.com/favicon.ico]
[www.maxpanda.com/favicon.gif]
[www.maxpanda.com/css/bootstrap.min.css]
[www.maxpanda.com/css/bootstrap-responsive.min.css]
[www.maxpanda.com/css/colorbox.css]
[www.maxpanda.com/css/style.css]
[www.google-analytics.com/analytics.js]
[connect.facebook.net/en_US/sdk.js]
[www.canumeet.com/embed-dist/canumeet.sidebar.embed.js]
[www.maxpanda.com/demo.html]
[www.maxpanda.com/img/usa.png]
[www.maxpanda.com/img/canada.png]
[www.maxpanda.com/img/france.png]
[www.maxpanda.com/img/uk.png]
[www.maxpanda.com/img/argentina.png]
[www.maxpanda.com/img/brazil.png]
[www.maxpanda.com/img/portugal.png]
[www.maxpanda.com/img/mexico.png]
[www.maxpanda.com/contact.html]
[www.maxpanda.com/img/logo.png]
[www.maxpanda.com/building-asset-maintenance-software.html]
[www.maxpanda.com/work-order-management-software.html]
[www.maxpanda.com/preventative-maintenance-software.html]
[www.maxpanda.com/free-work-order-library.html]
[www.maxpanda.com/customized-software.html]
[www.maxpanda.com/screenshots.html]
[www.maxpanda.com/cmms-role-management.html]
[www.maxpanda.com/work-order-management-services.html]
[www.maxpanda.com/asset-tagging.html]
[www.maxpanda.com/software-integration.html]
[www.maxpanda.com/asset-data.html]
[www.maxpanda.com/facility-management-software.html]
[www.maxpanda.com/healthcare-facilities-management-software.html]
[www.maxpanda.com/school-maintenance-software.html]
[www.maxpanda.com/resort-hotel-maintenance-software.html]
[www.maxpanda.com/construction-maintenance-software.html]
[www.maxpanda.com/public-works-maintenance-software.html]
[www.maxpanda.com/property-maintenance-software.html]
[www.maxpanda.com/sports-arena-maintenance-software.html]
[www.maxpanda.com/manufacturing-maintenance-software.html]
[www.maxpanda.com/cmms-for-nonprofit.html]
[www.maxpanda.com/why-cmms-works.html]
[www.maxpanda.com/cmms-docs.html]
[www.maxpanda.com/cmms-videos.html]
[www.maxpanda.com/cmms-mobile.html]
[www.maxpanda.com/cmms-price-plans.html]
[www.maxpanda.com/starter.html]
[www.maxpanda.com/enhanced.html]
[www.maxpanda.com/standard.html]
[www.maxpanda.com/professional.html]
[www.maxpanda.com/enterprise.html]
[www.maxpanda.com/best-asset-management-software.html]
[www.maxpanda.com/img/aws.png]
[www.maxpanda.com/img/iPhone-pink.png]
[www.maxpanda.com/img/iPhone-dark.png]
[www.maxpanda.com/img/share-pms.png]
[www.maxpanda.com/img/uoff.png]
[www.maxpanda.com/img/iPhone-blue.png]
[www.maxpanda.com/img/homesavings.png]
[www.maxpanda.com/img/georgiastate.png]
[www.maxpanda.com/img/hilton.png]
[www.maxpanda.com/img/usolympics.png]
[www.maxpanda.com/img/carlsjr.png]
[www.maxpanda.com/img/pier39.png]
[www.maxpanda.com/img/carefree-resorts.png]
[www.maxpanda.com/img/popeyes.png]
[www.maxpanda.com/img/arizona-government.png]
[www.maxpanda.com/img/work-order-app.png]
[www.maxpanda.com/img/bloomberg.png]
[www.maxpanda.com/img/maxpanda.png]
[www.maxpanda.com/img/cnbc.png]
[www.maxpanda.com/img/mastercard.png]
[www.maxpanda.com/img/visa.png]
[www.maxpanda.com/terms-conditions.html]
[www.maxpanda.com/partner.html]
[www.maxpanda.com/img/amex.png]
[www.maxpanda.com/img/wallstreet.png]
[www.maxpanda.com/img/fox.png]
[www.maxpanda.com/img/apple-sm.png]
[www.maxpanda.com/img/google-sm.png]
[www.maxpanda.com/img/bookwebinar.gif]
[www.maxpanda.com/js/vendor/jquery-migrate.js]
[www.maxpanda.com/js/vendor/jquery.event.drop-2.2.js]
[www.maxpanda.com/js/vendor/bootstrap.min.js]
[www.maxpanda.com/js/vendor/jquery.easing.1.3.js]
[www.maxpanda.com/js/vendor/jquery.event.drag-2.2.js]
[ajax.googleapis.com/ajax/libs/jquery/1.9.1/jquery.min.js]
[www.maxpanda.com/js/vendor/jquery.twitter.js]
[www.maxpanda.com/js/vendor/jquery.roundabout.js]
[www.maxpanda.com/js/vendor/jflickrfeed.js]
[www.maxpanda.com/js/vendor/jquery-1.9.1.min.js]
[www.maxpanda.com/js/vendor/jquery.mobile.menu.js]
[www.maxpanda.com/js/vendor/jquery.bxslider.js]
[www.maxpanda.com/js/vendor/modernizr.custom.91224.js]
[www.maxpanda.com/js/vendor/jquery.form.js]
[www.maxpanda.com/js/vendor/jquery.colorbox.js]
[www.maxpanda.com/js/custom.js]
[www.maxpanda.com/index.html]
[www.maxpanda.com/img/glyphicons-halflings.png]
[www.maxpanda.com/css/bootstrap.min.css]
[www.maxpanda.com/css/bootstrap-responsive.min.css]
[www.maxpanda.com/img/glyphicons-halflings-white.png]
[www.maxpanda.com/img/overlay.png]
[www.maxpanda.com/img/controls.png]
[www.maxpanda.com/img/border.png]
[www.maxpanda.com/img/loading_background.png]
[www.maxpanda.com/img/loading1.gif]
[www.maxpanda.com/img/ie6/borderTopLeft.png]
[www.maxpanda.com/img/ie6/borderTopCenter.png]
[www.maxpanda.com/img/ie6/borderTopRight.png]
[www.maxpanda.com/img/ie6/borderBottomLeft.png]
[www.maxpanda.com/img/ie6/borderBottomCenter.png]
[www.maxpanda.com/img/ie6/borderBottomRight.png]
[www.maxpanda.com/img/ie6/borderMiddleLeft.png]
[www.maxpanda.com/img/ie6/borderMiddleRight.png]
[www.maxpanda.com/css/colorbox.css]
[www.maxpanda.com/img/blue-round.png]
[www.maxpanda.com/img/close-open-menu-icon.png]
[www.maxpanda.com/img/nav-line-hover.png]
[www.maxpanda.com/img/call-to-action-pattern.png]
[www.maxpanda.com/img/horizontal-lines.png]
[www.maxpanda.com/img/call-to-action-arrows.png]
[www.maxpanda.com/img/promobox-bg.png]
[www.maxpanda.com/img/grey-lines.png]
[www.maxpanda.com/img/grey-round.png]
[www.maxpanda.com/img/benefits-arrow.png]
[www.maxpanda.com/img/horizontal-lines-services.png]
[www.maxpanda.com/img/bxslider-arrows.png]
[www.maxpanda.com/img/icon-services.png]
[www.maxpanda.com/img/download-button-arrow.png]
[www.maxpanda.com/img/univers-bg.jpg]
[www.maxpanda.com/img/accordion-minus.png]
[www.maxpanda.com/img/accordion-plus.png]
[www.maxpanda.com/img/benefits-arrow-hover.png]
[www.maxpanda.com/img/widget-news-icons.png]
[www.maxpanda.com/img/social-icons.png]
[www.maxpanda.com/img/call-to-action-bg-mini.jpg]
[www.maxpanda.com/img/4500.jpg]
[www.maxpanda.com/img/nonprofit.jpg]
[www.maxpanda.com/img/contactpage.jpg]
[www.maxpanda.com/img/call-to-action-bg.jpg]
[www.maxpanda.com/img/starter-plan.jpg]
[www.maxpanda.com/img/softwareback.png]
[www.maxpanda.com/img/enhanced-plan.jpg]
[www.maxpanda.com/img/standard-plan.jpg]
[www.maxpanda.com/img/enterprise-plan.jpg]
[www.maxpanda.com/img/work.jpg]
[www.maxpanda.com/img/teams.jpg]
[www.maxpanda.com/img/public.jpg]
[www.maxpanda.com/img/about-foto.jpg]
[www.maxpanda.com/img/manu.jpg]
[www.maxpanda.com/img/foto-pattern-dark.png]
[www.maxpanda.com/img/sports.jpg]
[www.maxpanda.com/img/feature-slide.jpg]
[www.maxpanda.com/img/alert-icons.png]
[www.maxpanda.com/img/promobox2-bg.png]
[www.maxpanda.com/img/promobox3-bg.png]
[www.maxpanda.com/img/freelibrary.jpg]
[www.maxpanda.com/img/schools.jpg]
[www.maxpanda.com/img/subscribe-image-arrow.png]
[www.maxpanda.com/img/meet-appic-icons.png]
[www.maxpanda.com/img/compatibility-image-arrow.png]
[www.maxpanda.com/img/how-it-works-photo.jpg]
[www.maxpanda.com/img/resort.jpg]
[www.maxpanda.com/img/services-photo.jpg]
[www.maxpanda.com/img/services-photo2.jpg]
[www.maxpanda.com/img/benefits-arrow-white.png]
[www.maxpanda.com/img/carousel-control-arrows.png]
[www.maxpanda.com/img/timeline-sircle.png]
[www.maxpanda.com/img/how-it-works-photo2.jpg]
[www.maxpanda.com/img/shadow-ie8.png]
[www.maxpanda.com/img/holder-team-photo.png]
[www.maxpanda.com/img/ie8-comming-soon.png]
[www.maxpanda.com/img/plus-minus-icon.png]
[www.maxpanda.com/css/style.css]
[www.maxpanda.com/restserver.php]
[www.maxpanda.com/ABCDEFGHIJKLMNOPQRSTUVWXYZabcdefghijklmnopqrstuvwxyz0123456789+/index.html]
[connect.facebook.net/en_US/sdk.js]
[www.maxpanda.com/dialog/index.html]
[www.maxpanda.com/img/spain.png]
[www.maxpanda.com/img/404.png]
[www.maxpanda.com/img/prices-photo.jpg]
[www.maxpanda.com/img/gallery-photo.jpg]
[www.maxpanda.com/conferences.html]
[translate.google.com/translate_a/fa0d8.txt]
[www.maxpanda.com/demo.html]
[www.maxpanda.com/img/locals.png]
[www.maxpanda.com/img/newsletter.png]
[s3.amazonaws.com/downloads.mailchimp.com/js/signup-forms/popup/embed.js]
[www.maxpanda.com/contact.html]
[www.maxpanda.com/img/maxpanda-tshirt.png]
[www.maxpanda.com/img/forbes.png]
[www.maxpanda.com/img/demo.jpg]
[www.maxpanda.com/img/lifehacker.png]
[www.maxpanda.com/img/techcrunch.png]
[www.maxpanda.com/img/newyorktimes.png]
[www.maxpanda.com/img/theguardian.png]
[www.maxpanda.com/img/theverge.png]
[www.maxpanda.com/img/wallstreetjournal.png]
[www.maxpanda.com/img/issa.png]
[www.maxpanda.com/img/ifma.jpg]
[www.maxpanda.com/img/boma.jpg]
[www.maxpanda.com/img/appa.png]
[www.maxpanda.com/img/leed.png]
[www.maxpanda.com/img/labourcost.jpg]
[www.maxpanda.com/img/100percent.png]
[www.maxpanda.com/img/yes.png]
[www.maxpanda.com/building-asset-maintenance-software.html]
[www.maxpanda.com/img/free-trial.gif]
[www.maxpanda.com/img/greenseal.png]
[www.maxpanda.com/img/openroad.png]
[www.maxpanda.com/img/roi.png]
[www.maxpanda.com/work-order-management-software.html]
[www.maxpanda.com/img/macys.png]
[www.maxpanda.com/img/community-portal.png]
[www.maxpanda.com/preventative-maintenance-software.html]
[www.maxpanda.com/img/warehouse-inventory-management.jpg]
[www.maxpanda.com/img/pm-work-order.png]
[www.maxpanda.com/img/tasker.png]
[www.maxpanda.com/cmms-next-step.html]
[www.maxpanda.com/free-work-order-library.html]
[www.maxpanda.com/img/company-settings.png]
[www.maxpanda.com/customized-software.html]
[www.maxpanda.com/img/sla-screenshot.png]
[www.maxpanda.com/img/calendar-allday.png]
[www.maxpanda.com/img/calendar-filters.png]
[www.maxpanda.com/img/pmtemplates.png]
[www.maxpanda.com/img/future.png]
[www.maxpanda.com/img/1.jpg]
[www.maxpanda.com/screenshots.html]
[www.maxpanda.com/js/vendor/masonry.pkgd.min.js]
[www.maxpanda.com/cmms-role-management.html]
[www.maxpanda.com/web/20150314233735/http_/www.maxpanda.com/index.html]
[www.maxpanda.com/web/20150314233735/http_/www.maxpanda.com/contact.html]
[www.maxpanda.com/img/client-photo-1.jpg]
[www.maxpanda.com/img/edmosby.jpg]
[www.maxpanda.com/img/client-photo-3.jpg]
[www.maxpanda.com/img/client-photo-4.jpg]
[www.maxpanda.com/img/client-photo-5.jpg]
[www.maxpanda.com/work-order-management-services.html]
[www.maxpanda.com/img/4.jpg]
[www.maxpanda.com/img/asset-qr.png]
[www.maxpanda.com/img/callme.png]
[www.maxpanda.com/img/7.jpg]
[www.maxpanda.com/img/part-crop.png]
[www.maxpanda.com/img/guestportal-qr.png]
[www.maxpanda.com/img/location-qr.png]
[www.maxpanda.com/asset-tagging.html]
[www.maxpanda.com/software-integration.html]
[www.maxpanda.com/helpmemax/index.html]
[www.maxpanda.com/img/mapi.png]
[www.maxpanda.com/img/data-import.zip]
[www.maxpanda.com/img/data-conversion.jpg]
[www.maxpanda.com/img/support-button.png]
[www.maxpanda.com/img/old-files-cmms.jpg]
[www.maxpanda.com/asset-data.html]
[www.maxpanda.com/facility-management-software.html]
[www.maxpanda.com/helpmemax/assets/images/6-dashboard.png]
[www.maxpanda.com/img/healthcare-maintenance-software.jpg]
[www.maxpanda.com/img/hospital-maintenance.jpg]
[www.maxpanda.com/img/chair-lift-medical.jpg]
[www.maxpanda.com/img/healthcare-beds.jpg]
[www.maxpanda.com/img/cmms-tech-docs.png]
[www.maxpanda.com/img/ambulance.jpg]
[www.maxpanda.com/img/rmhouse.png]
[www.maxpanda.com/img/workordersummary.png]
[www.maxpanda.com/img/ukhealthcare.png]
[www.maxpanda.com/img/bostonchildrenshospital.png]
[www.maxpanda.com/img/tricityhealth.png]
[www.maxpanda.com/healthcare-facilities-management-software.html]
[www.maxpanda.com/img/pekin.png]
[www.maxpanda.com/img/school-maintenance-software2.jpg]
[www.maxpanda.com/img/school-maintenance-software3.jpg]
[www.maxpanda.com/img/goodhope.png]
[www.maxpanda.com/img/akili.png]
[www.maxpanda.com/img/osu.png]
[www.maxpanda.com/img/boisestate.png]
[www.maxpanda.com/img/hchc.png]
[www.maxpanda.com/img/sanjuancollege.png]
[www.maxpanda.com/img/facility-management-software.png]
[www.maxpanda.com/school-maintenance-software.html]
[www.maxpanda.com/img/bethanyuniversity.png]
[www.maxpanda.com/img/kmbc.png]
[www.maxpanda.com/img/Logo-333-Collins-Street1.png]
[www.maxpanda.com/img/portal1.png]
[www.maxpanda.com/img/ramada.png]
[www.maxpanda.com/img/portal2.png]
[www.maxpanda.com/img/bestwestern.png]
[www.maxpanda.com/img/daysinn.png]
[www.maxpanda.com/resort-hotel-maintenance-software.html]
[www.maxpanda.com/img/333collins1.png]
[www.maxpanda.com/img/econolodge.png]
[www.maxpanda.com/img/construction-site-software.jpg]
[www.maxpanda.com/construction-maintenance-software.html]
[www.maxpanda.com/img/view-asset-triggers.png]
[www.maxpanda.com/img/define-asset-metering.png]
[www.maxpanda.com/img/boyd.png]
[www.maxpanda.com/img/newhaven.png]
[www.maxpanda.com/img/rockyford.png]
[www.maxpanda.com/public-works-maintenance-software.html]
[www.maxpanda.com/img/villagenorthaurora.png]
[www.maxpanda.com/img/street-maintenance.jpg]
[www.maxpanda.com/img/property-maintenance-management.jpg]
[www.maxpanda.com/img/work-order-software.jpg]
[www.maxpanda.com/img/propety-maintenance.jpg]
[www.maxpanda.com/img/maintenance-software.jpg]
[www.maxpanda.com/img/skyrise-maintenance.jpg]
[www.maxpanda.com/img/residential-maintenance.jpg]
[www.maxpanda.com/img/golfcource-maintenance.jpg]
[www.maxpanda.com/img/canterburypark.png]
[www.maxpanda.com/img/redrivercoop.png]
[www.maxpanda.com/img/capitolrealtygroup.png]
[www.maxpanda.com/property-maintenance-software.html]
[www.maxpanda.com/img/blueandgoldfleet.png]
[www.maxpanda.com/img/sunresort.png]
[www.maxpanda.com/img/sports-arena.jpg]
[www.maxpanda.com/img/seat-maintenance.jpg]
[www.maxpanda.com/img/calypso.png]
[www.maxpanda.com/img/camphermitage.png]
[www.maxpanda.com/img/springhillcamps.png]
[www.maxpanda.com/img/fitnessflex.png]
[www.maxpanda.com/img/pivitolfitness.png]
[www.maxpanda.com/img/genesis.png]
[www.maxpanda.com/sports-arena-maintenance-software.html]
[www.maxpanda.com/img/sunresorts.png]
[www.maxpanda.com/img/bookwebinar.png]
[www.maxpanda.com/img/gatewaymortorsports.png]
[www.maxpanda.com/img/Canon.jpg]
[www.maxpanda.com/img/morgancorp.png]
[www.maxpanda.com/img/chemoil.png]
[www.maxpanda.com/img/clarusglassboards.png]
[www.maxpanda.com/manufacturing-maintenance-software.html]
[www.maxpanda.com/img/rjr.png]
[www.maxpanda.com/img/6milelibrary.png]
[www.maxpanda.com/img/seatlesmission.png]
[www.maxpanda.com/img/stbenedict.png]
[www.maxpanda.com/img/thechapel.png]
[www.maxpanda.com/cmms-for-nonprofit.html]
[www.maxpanda.com/img/non-profits.jpg]
[www.maxpanda.com/img/super-secure.png]
[www.maxpanda.com/img/special-key.png]
[www.maxpanda.com/img/compatibility-image.png]
[www.maxpanda.com/js/vendor/jquery.fitvids.js]
[www.maxpanda.com/why-cmms-works.html]
[www.maxpanda.com/img/cmmsmobile.png]
[www.maxpanda.com/img/computer_desktop_32.png]
[www.maxpanda.com/img/report-example.png]
[www.maxpanda.com/img/coffee_32.png]
[www.maxpanda.com/img/lock_32.png]
[www.maxpanda.com/img/package_gear_32.png]
[www.maxpanda.com/img/shield_32.png]
[www.maxpanda.com/img/computer_coding_32.png]
[www.maxpanda.com/img/manufacturing_plant.jpg]
[www.maxpanda.com/img/cloud-computing.png]
[www.maxpanda.com/img/browser-Icons.png]
[www.maxpanda.com/helpmemax/assets/shortcut.png]
[www.maxpanda.com/cmms-docs.html]
[www.maxpanda.com/helpmemax/assets/images/pm-history.png]
[www.maxpanda.com/img/doc_icon.png]
[www.maxpanda.com/cmms-videos.html]
[www.maxpanda.com/img/flag.png]
[www.maxpanda.com/helpmemax/assets/images/pm-occurence.png]
[www.maxpanda.com/img/GoMAXpermissions.xls]
[www.maxpanda.com/img/maxpanda-apps.png]
[www.maxpanda.com/img/signupnow.png]
[www.maxpanda.com/img/mobile-signin.png]
[www.maxpanda.com/img/apple.png]
[www.maxpanda.com/img/google.png]
[www.maxpanda.com/img/mobile-cmms.png]
[www.maxpanda.com/img/home-iphone.png]
[www.maxpanda.com/img/home-ipad.png]
[www.maxpanda.com/img/alerts.png]
[www.maxpanda.com/img/wolist-ipad.png]
[www.maxpanda.com/img/wolist-iphone.png]
[www.maxpanda.com/img/ipad-workorder-status.png]
[www.maxpanda.com/img/ipad-create-wo.png]
[www.maxpanda.com/img/upc.png]
[www.maxpanda.com/img/ipad-overdue.png]
[www.maxpanda.com/img/editwo.png]
[www.maxpanda.com/img/wofilter.png]
[www.maxpanda.com/img/menutop.png]
[www.maxpanda.com/img/apple_iphone_4.png]
[www.maxpanda.com/img/motorola_droidx.png]
[www.maxpanda.com/img/parttransfer.png]
[www.maxpanda.com/img/blackberry_bold_9650.png]
[www.maxpanda.com/cmms-mobile.html]
[www.maxpanda.com/img/maxpanda-tshirt-sm.png]
[www.maxpanda.com/img/users.png]
[www.maxpanda.com/img/sites.png]
[www.maxpanda.com/img/usericon.png]
[www.maxpanda.com/img/supporticon.png]
[www.maxpanda.com/img/wrench.png]
[www.maxpanda.com/img/excelicon.png]
[www.maxpanda.com/img/menubottom.png]
[www.maxpanda.com/img/guestportalicon.png]
[www.maxpanda.com/img/phonesupport.png]
[www.maxpanda.com/img/iphone-icon.png]
[www.maxpanda.com/img/android-icon.png]
[www.maxpanda.com/img/qrcodes.png]
[www.maxpanda.com/img/barcodeicon.png]
[www.maxpanda.com/img/metering.png]
[www.maxpanda.com/img/sla.png]
[www.maxpanda.com/img/api-icon.png]
[www.maxpanda.com/img/po19.png]
[www.maxpanda.com/img/nte-icon.png]
[www.maxpanda.com/img/api2.png]
[www.maxpanda.com/cmms-price-plans.html]
[www.maxpanda.com/img/cmms-prices-compared.png]
[www.maxpanda.com/img/pricingcmms.jpg]
[www.maxpanda.com/img/cc.jpg]
[www.maxpanda.com/starter.html]
[www.maxpanda.com/img/maxpanda-mobile-apps.jpg]
[www.maxpanda.com/img/enhanced-cmms.jpg]
[www.maxpanda.com/enhanced.html]
[www.maxpanda.com/img/enanced-cmms.jpg]
[www.maxpanda.com/standard.html]
[www.maxpanda.com/img/standard-cmms.jpg]
[www.maxpanda.com/img/procmms-plan.jpg]
[www.maxpanda.com/professional.html]
[www.maxpanda.com/img/pro-cmms.jpg]
[www.maxpanda.com/enterprise.html]
[www.maxpanda.com/img/enterprise-cmms.jpg]
[www.maxpanda.com/img/asseenon.png]
[www.maxpanda.com/best-asset-management-software.html]
[www.maxpanda.com/img/request.png]
[www.maxpanda.com/terms-conditions.html]
[www.maxpanda.com/img/starterpic.png]
[www.maxpanda.com/img/tee.jpg]
[www.maxpanda.com/partner.html]
[www.maxpanda.com/img/draghand.html]
[www.maxpanda.com/img/draghanda.html]
[www.maxpanda.com/ABCDEFGHIJKLMNOPQRSTUVWXYZabcdefghijklmnopqrstuvwxyz0123456789+/index.html]
[www.maxpanda.com/restserver.html]
[www.maxpanda.com/dialog/index.html]
[www.maxpanda.com/%s/profile4d6d.html]
[www.maxpanda.com/conferences_files/filelist.xml]
[www.maxpanda.com/conferences.html]
[www.maxpanda.com/conferences_files/colorschememapping.xml]
[connect.facebook.net/en_US/all.js]
[www.maxpanda.com/img/sla-screenshot.jpg]
[www.maxpanda.com/img/handshake.png]
[www.maxpanda.com/img/building.png]
[www.maxpanda.com/img/guestservices.png]
[www.maxpanda.com/img/database.png]
[www.maxpanda.com/cmms-next-step.html]
[www.maxpanda.com/web/20150314233735/http_/www.maxpanda.com/index.html]
[www.maxpanda.com/web/20150314233735/http_/www.maxpanda.com/contact.html]
[www.maxpanda.com/helpmemax/css/style.css]
[www.maxpanda.com/img/helper.png]
[www.maxpanda.com/helpmemax/assets/sig.png]
[www.maxpanda.com/helpmemax/assets/images/unsubs.png]
[www.maxpanda.com/helpmemax/js/jquery-1.7.1.min.js]
[www.maxpanda.com/helpmemax/assets/images/4-calendar-daily.png]
[www.maxpanda.com/helpmemax/assets/images/3-asset-list.png]
[www.maxpanda.com/img/geotag.png]
[www.maxpanda.com/helpmemax/assets/images/work-order-lists.png]
[www.maxpanda.com/helpmemax/assets/images/2-calendar-monthly.png]
[www.maxpanda.com/helpmemax/assets/images/workorder3.png]
[www.maxpanda.com/helpmemax/assets/images/workorder2.png]
[www.maxpanda.com/helpmemax/assets/images/workorder4.png]
[www.maxpanda.com/helpmemax/assets/images/cal.jpg]
[www.maxpanda.com/helpmemax/assets/images/workorder5.png]
[www.maxpanda.com/helpmemax/assets/images/cal2.jpg]
[www.maxpanda.com/helpmemax/assets/images/cal-icons.png]
[www.maxpanda.com/helpmemax/assets/images/5-reports.png]
[www.maxpanda.com/helpmemax/assets/images/workorder6.png]
[www.maxpanda.com/helpmemax/assets/images/newpm.png]
[www.maxpanda.com/helpmemax/assets/images/pm1.png]
[www.maxpanda.com/helpmemax/assets/images/pm2.png]
[www.maxpanda.com/helpmemax/assets/images/pm3.png]
[www.maxpanda.com/helpmemax/assets/images/pm4.png]
[www.maxpanda.com/helpmemax/assets/images/addfieldsnipped.png]
[www.maxpanda.com/helpmemax/assets/images/pm5.png]
[www.maxpanda.com/helpmemax/assets/images/pm6.png]
[www.maxpanda.com/helpmemax/assets/images/buildings1.png]
[www.maxpanda.com/helpmemax/assets/images/tasks.jpg]
[www.maxpanda.com/helpmemax/assets/images/buildings2.png]
[www.maxpanda.com/helpmemax/assets/images/assets1.png]
[www.maxpanda.com/helpmemax/assets/images/viewassets.png]
[www.maxpanda.com/helpmemax/assets/images/addlocations.png]
[www.maxpanda.com/helpmemax/assets/images/viewlocations.png]
[www.maxpanda.com/helpmemax/assets/images/viewall.png]
[www.maxpanda.com/helpmemax/assets/images/filterassets.png]
[www.maxpanda.com/helpmemax/assets/images/newpart.png]
[www.maxpanda.com/helpmemax/assets/images/vendor1.png]
[www.maxpanda.com/helpmemax/assets/images/reviewlocations.png]
[www.maxpanda.com/helpmemax/assets/images/newvendor.png]
[www.maxpanda.com/helpmemax/assets/images/viewparts.png]
[www.maxpanda.com/helpmemax/assets/images/reports1.248.delayed]
[www.maxpanda.com/helpmemax/assets/images/5reports.png]
[www.maxpanda.com/helpmemax/assets/images/admin.png]
[www.maxpanda.com/helpmemax/assets/images/newinvoice.png]
[www.maxpanda.com/helpmemax/assets/images/editor.png]
[www.maxpanda.com/helpmemax/assets/images/staff.png]
[www.maxpanda.com/helpmemax/assets/images/vendor.png]
[www.maxpanda.com/helpmemax/assets/images/submitter.png]
[www.maxpanda.com/helpmemax/assets/images/tenant.png]
[www.maxpanda.com/helpmemax/assets/images/viewer.png]
[www.maxpanda.com/helpmemax/assets/images/guest.png]
[www.maxpanda.com/helpmemax/assets/images/editinvoice.png]
[www.maxpanda.com/helpmemax/assets/images/users2.png]
[www.maxpanda.com/helpmemax/assets/images/worksummary.png]
[www.maxpanda.com/helpmemax/assets/images/locationtype.png]
[www.maxpanda.com/helpmemax/assets/images/addloctypes.png]
[www.maxpanda.com/helpmemax/assets/images/users1.png]
[www.maxpanda.com/helpmemax/assets/images/assetstatus.png]
[www.maxpanda.com/helpmemax/assets/images/invoicetype.png]
[www.maxpanda.com/helpmemax/assets/images/taxes.png]
[www.maxpanda.com/helpmemax/assets/images/2.png]
[www.maxpanda.com/helpmemax/assets/images/workcategory.png]
[www.maxpanda.com/helpmemax/assets/images/3.png]
[www.maxpanda.com/helpmemax/assets/images/workpriority.png]
[www.maxpanda.com/helpmemax/assets/images/5.png]
[www.maxpanda.com/helpmemax/assets/images/1.png]
[www.maxpanda.com/helpmemax/assets/images/4.png]
[www.maxpanda.com/helpmemax/assets/images/7.png]
[www.maxpanda.com/helpmemax/assets/images/6.png]
[www.maxpanda.com/helpmemax/assets/images/8.png]
[www.maxpanda.com/helpmemax/assets/images/9.png]
[www.maxpanda.com/helpmemax/assets/images/11.png]
[www.maxpanda.com/helpmemax/assets/images/12.png]
[www.maxpanda.com/helpmemax/assets/images/13.png]
[www.maxpanda.com/helpmemax/assets/images/10.png]
[www.maxpanda.com/helpmemax/assets/images/14.png]
[www.maxpanda.com/helpmemax/assets/images/18.png]
[www.maxpanda.com/helpmemax/assets/images/15.png]
[www.maxpanda.com/helpmemax/assets/images/17.png]
[www.maxpanda.com/helpmemax/assets/images/16.png]
[www.maxpanda.com/helpmemax/assets/images/bin1.png]
[www.maxpanda.com/helpmemax/assets/images/bin2.png]
[www.maxpanda.com/helpmemax/assets/images/bin4.png]
[www.maxpanda.com/helpmemax/assets/images/19.png]
[www.maxpanda.com/helpmemax/assets/images/bin5.png]
[www.maxpanda.com/helpmemax/assets/images/bin3.png]
[www.maxpanda.com/helpmemax/assets/images/bin8.png]
[www.maxpanda.com/helpmemax/assets/images/bin6.png]
[www.maxpanda.com/helpmemax/assets/images/bin7.png]
[www.maxpanda.com/helpmemax/assets/images/bin11.png]
[www.maxpanda.com/helpmemax/assets/images/bin9.png]
[www.maxpanda.com/helpmemax/assets/images/bin12.png]
[www.maxpanda.com/helpmemax/assets/images/bin10.png]
[www.maxpanda.com/helpmemax/assets/images/bin13.png]
[www.maxpanda.com/helpmemax/assets/images/sla2.png]
[www.maxpanda.com/helpmemax/assets/images/sla1.png]
[www.maxpanda.com/helpmemax/assets/images/bin14.png]
[www.maxpanda.com/helpmemax/index.html]
[www.maxpanda.com/img/doc_icon.html]
[www.maxpanda.com/conferences_files/themedata.html]
[connect.facebook.net/en_US/all.js]
[www.maxpanda.com/helpmemax/assets/pre_bg.gif]
[www.maxpanda.com/helpmemax/css/style.css]
[www.maxpanda.com/helpmemax/assets/images/addfieldsnipped.html]
[www.maxpanda.com/helpmemax/assets/images/reports1.html]
[www.maxpanda.com/helpmemax/assets/images/departments.png]
[www.maxpanda.com/helpmemax/assets/images/building-department.png]
[www.maxpanda.com/helpmemax/assets/pre_bg.html]
